exports[`test Creates a list that requests data 1`] = `
<div>
  <div />
  <div />
</div>
`;
